[18:34:42] [main/INFO] (FabricLoader/GameProvider) Loading Minecraft 1.21.1 with Fabric Loader 0.19.2
[18:34:42] [main/INFO] (FabricLoader) Loading 58 mods:
	- cardinal-components-base 6.1.0
	- cardinal-components-entity 6.1.0
	- fabric-api 0.102.0+1.21.1
	- fabric-api-base 0.4.42+6573ed8c48
	- fabric-api-lookup-api-v1 1.6.68+b55973446a
	- fabric-biome-api-v1 13.0.29+5bd9f1bc6a
	- fabric-block-api-v1 1.0.22+0af3f5a76a
	- fabric-block-view-api-v2 1.0.10+6573ed8c6a
	- fabric-blockrenderlayer-v1 1.1.52+0af3f5a76a
	- fabric-client-tags-api-v1 1.1.15+6573ed8c6a
	- fabric-command-api-v1 1.2.49+f71b366f6a
	- fabric-command-api-v2 2.2.28+6ced4dd96a
	- fabric-commands-v0 0.2.66+df3654b36a
	- fabric-content-registries-v0 8.0.16+b55973446a
	- fabric-convention-tags-v1 2.0.19+7f945d5b6a
	- fabric-convention-tags-v2 2.5.0+c5e2b5c66a
	- fabric-crash-report-info-v1 0.2.29+0af3f5a76a
	- fabric-data-attachment-api-v1 1.1.27+1daea2156a
	- fabric-data-generation-api-v1 20.2.16+16c4ae256a
	- fabric-dimensions-v1 4.0.0+6fc22b996a
	- fabric-entity-events-v1 1.6.12+6fc22b9948
	- fabric-events-interaction-v0 0.7.12+ba9dae066a
	- fabric-game-rule-api-v1 1.0.53+6ced4dd96a
	- fabric-gametest-api-v1 2.0.4+6fc22b996a
	- fabric-item-api-v1 11.0.0+afdfc9216a
	- fabric-item-group-api-v1 4.1.4+780172706a
	- fabric-key-binding-api-v1 1.0.47+0af3f5a76a
	- fabric-keybindings-v0 0.2.45+df3654b36a
	- fabric-lifecycle-events-v1 2.3.12+6c1df3606a
	- fabric-loot-api-v2 3.0.14+3f89f5a56a
	- fabric-loot-api-v3 1.0.2+3f89f5a56a
	- fabric-message-api-v1 6.0.13+6573ed8c6a
	- fabric-model-loading-api-v1 2.0.0+fe474d6b6a
	- fabric-networking-api-v1 4.2.2+60c3209b6a
	- fabric-object-builder-api-v1 15.2.0+40875a936a
	- fabric-particles-v1 4.0.2+6573ed8c6a
	- fabric-recipe-api-v1 5.0.12+650897126a
	- fabric-registry-sync-v0 5.1.2+60c3209b6a
	- fabric-renderer-api-v1 3.4.0+c705a49c6a
	- fabric-renderer-indigo 1.7.0+c705a49c6a
	- fabric-renderer-registries-v1 3.2.68+df3654b36a
	- fabric-rendering-data-attachment-v1 0.3.48+73761d2e6a
	- fabric-rendering-fluids-v1 3.1.6+1daea2156a
	- fabric-rendering-v0 1.1.71+df3654b36a
	- fabric-rendering-v1 5.0.5+df16efd06a
	- fabric-resource-conditions-api-v1 4.3.0+8dc279b16a
	- fabric-resource-loader-v0 1.3.0+565991296a
	- fabric-screen-api-v1 2.0.24+b55973446a
	- fabric-screen-handler-api-v1 1.3.86+b55973446a
	- fabric-sound-api-v1 1.0.23+6573ed8c6a
	- fabric-transfer-api-v1 5.1.16+3dccd3436a
	- fabric-transitive-access-wideners-v1 6.1.0+1daea2156a
	- fabricloader 0.19.2
	- java 21
	- minecraft 1.21.1
	- mixinextras 0.5.4
	- trinkets 3.10.0
	- vaultfall 1.0.0
[18:34:43] [main/INFO] (FabricLoader/Mixin) SpongePowered MIXIN Subsystem Version=0.8.7 Source=file:/C:/Users/XPC/.gradle/caches/modules-2/files-2.1/net.fabricmc/sponge-mixin/0.17.2+mixin.0.8.7/edf98d1d98229e46e36c61774ae2b54dcd852981/sponge-mixin-0.17.2+mixin.0.8.7.jar Service=Knot/Fabric Env=CLIENT
[18:34:43] [main/INFO] (FabricLoader/Mixin) Loaded Fabric development mappings for mixin remapper!
[18:34:43] [main/INFO] (FabricLoader/Mixin) Compatibility level set to JAVA_17
[18:34:43] [main/INFO] (FabricLoader/Mixin) Compatibility level set to JAVA_21
[18:34:44] [main/INFO] (FabricLoader/MixinExtras|Service) Initializing MixinExtras via com.llamalad7.mixinextras.service.MixinExtrasServiceImpl(version=0.5.4).
[18:34:45] [Datafixer Bootstrap/INFO] (Minecraft) 226 Datafixer optimizations took 265 milliseconds
[18:34:52] [Render thread/INFO] (Minecraft) Environment: Environment[sessionHost=https://sessionserver.mojang.com, servicesHost=https://api.minecraftservices.com, name=PROD]
[18:34:52] [Render thread/INFO] (Minecraft) Setting user: Player390
[18:34:52] [Render thread/INFO] (Minecraft) [STDOUT]: Registrando bloques de Vaultfall
[18:34:52] [Render thread/INFO] (Minecraft) [STDOUT]: Registrando ítems
[18:34:52] [Render thread/INFO] (vaultfall) Registrando DataComponents de Vaultfall
[18:34:52] [Render thread/INFO] (Minecraft) [STDOUT]: Registrando ítems
[18:34:52] [Render thread/INFO] (VaultfallDebug) [SERVIDOR] ServerJumpHandler registrado
[18:34:52] [Render thread/INFO] (vaultfall) [VAULTFALL] Inicialización completada
[18:34:53] [Render thread/INFO] (VaultfallDebug) [CLIENTE] JumpFeedbackHandler registrado
[18:34:53] [Render thread/INFO] (VaultfallDebug) [CLIENTE] ClientJumpTracker.register() ejecutado
[18:34:53] [Render thread/INFO] (vaultfall) [VAULTFALL-CLIENT] Inicialización cliente completada
[18:34:53] [Render thread/INFO] (Indigo) [Indigo] Registering Indigo renderer!
[18:34:53] [Render thread/INFO] (Minecraft) Backend library: LWJGL version 3.3.3-snapshot
[18:34:55] [Render thread/INFO] (Minecraft) Reloading ResourceManager: vanilla, fabric, cardinal-components-base, cardinal-components-entity, fabric-api, fabric-api-base, fabric-api-lookup-api-v1, fabric-biome-api-v1, fabric-block-api-v1, fabric-block-view-api-v2, fabric-blockrenderlayer-v1, fabric-client-tags-api-v1, fabric-command-api-v1, fabric-command-api-v2, fabric-commands-v0, fabric-content-registries-v0, fabric-convention-tags-v1, fabric-convention-tags-v2, fabric-crash-report-info-v1, fabric-data-attachment-api-v1, fabric-data-generation-api-v1, fabric-dimensions-v1, fabric-entity-events-v1, fabric-events-interaction-v0, fabric-game-rule-api-v1, fabric-gametest-api-v1, fabric-item-api-v1, fabric-item-group-api-v1, fabric-key-binding-api-v1, fabric-keybindings-v0, fabric-lifecycle-events-v1, fabric-loot-api-v2, fabric-loot-api-v3, fabric-message-api-v1, fabric-model-loading-api-v1, fabric-networking-api-v1, fabric-object-builder-api-v1, fabric-particles-v1, fabric-recipe-api-v1, fabric-registry-sync-v0, fabric-renderer-api-v1, fabric-renderer-indigo, fabric-renderer-registries-v1, fabric-rendering-data-attachment-v1, fabric-rendering-fluids-v1, fabric-rendering-v0, fabric-rendering-v1, fabric-resource-conditions-api-v1, fabric-resource-loader-v0, fabric-screen-api-v1, fabric-screen-handler-api-v1, fabric-sound-api-v1, fabric-transfer-api-v1, fabric-transitive-access-wideners-v1, fabricloader, trinkets, vaultfall
[18:34:55] [Worker-Main-13/INFO] (Minecraft) Found unifont_all_no_pua-15.1.05.hex, loading
[18:34:55] [Worker-Main-12/INFO] (Minecraft) Found unifont_jp_patch-15.1.05.hex, loading
[18:34:56] [Worker-Main-5/WARN] (Minecraft) Unable to load model: 'vaultfall:item/fragmento_exo' referenced from: vaultfall:item/fragmento_exo: java.io.FileNotFoundException: vaultfall:models/item/fragmento_exo.json
[18:34:57] [Render thread/WARN] (Minecraft) Missing sound for event: minecraft:item.goat_horn.play
[18:34:57] [Render thread/WARN] (Minecraft) Missing sound for event: minecraft:entity.goat.screaming.horn_break
[18:34:57] [Render thread/INFO] (Minecraft) OpenAL initialized on device OpenAL Soft on Altavoces (Razer Barracuda X 2.4)
[18:34:57] [Render thread/INFO] (Minecraft) Sound engine started
[18:34:57] [Render thread/INFO] (Minecraft) Created: 1024x512x4 minecraft:textures/atlas/blocks.png-atlas
[18:34:57] [Render thread/INFO] (Minecraft) Created: 256x256x4 minecraft:textures/atlas/signs.png-atlas
[18:34:57] [Render thread/INFO] (Minecraft) Created: 512x512x4 minecraft:textures/atlas/shield_patterns.png-atlas
[18:34:57] [Render thread/INFO] (Minecraft) Created: 512x512x4 minecraft:textures/atlas/banner_patterns.png-atlas
[18:34:57] [Render thread/INFO] (Minecraft) Created: 1024x1024x4 minecraft:textures/atlas/armor_trims.png-atlas
[18:34:57] [Render thread/INFO] (Minecraft) Created: 256x256x4 minecraft:textures/atlas/chest.png-atlas
[18:34:57] [Render thread/INFO] (Minecraft) Created: 128x64x4 minecraft:textures/atlas/decorated_pot.png-atlas
[18:34:57] [Render thread/INFO] (Minecraft) Created: 512x256x4 minecraft:textures/atlas/shulker_boxes.png-atlas
[18:34:57] [Render thread/INFO] (Minecraft) Created: 512x256x4 minecraft:textures/atlas/beds.png-atlas
[18:34:58] [Render thread/INFO] (Minecraft) Created: 512x256x0 minecraft:textures/atlas/particles.png-atlas
[18:34:58] [Render thread/INFO] (Minecraft) Created: 512x256x0 minecraft:textures/atlas/paintings.png-atlas
[18:34:58] [Render thread/INFO] (Minecraft) Created: 256x128x0 minecraft:textures/atlas/mob_effects.png-atlas
[18:34:58] [Render thread/INFO] (Minecraft) Created: 64x64x0 minecraft:textures/atlas/map_decorations.png-atlas
[18:34:58] [Render thread/INFO] (Minecraft) Created: 1024x512x0 minecraft:textures/atlas/gui.png-atlas
[18:34:58] [Render thread/WARN] (Minecraft) Shader rendertype_entity_translucent_emissive could not find sampler named Sampler2 in the specified shader program.
[18:35:03] [Worker-Main-1/ERROR] (Minecraft) Couldn't load tag minecraft:weaponable as it is missing following references: vaultfall:espada_mecanica_base (from vaultfall), vaultfall:espada_mecanica_mejorada (from vaultfall), vaultfall:espada_mecanica_selethilite (from vaultfall)
[18:35:04] [Render thread/INFO] (Minecraft) Loaded 1306 recipes
[18:35:04] [Render thread/INFO] (Minecraft) Loaded 1415 advancements
[18:35:04] [Render thread/INFO] (BiomeModificationImpl) Applied 0 biome modifications to 0 of 64 new biomes in 1.294 ms
[18:35:04] [Server thread/INFO] (Minecraft) Starting integrated minecraft server version 1.21.1
[18:35:04] [Server thread/INFO] (Minecraft) Generating keypair
[18:35:05] [Server thread/INFO] (Minecraft) Preparing start region for dimension minecraft:overworld
[18:35:05] [Render thread/INFO] (Minecraft) Preparing spawn area: 0%
[18:35:05] [Render thread/INFO] (Minecraft) Time elapsed: 310 ms
[18:35:05] [Server thread/WARN] (TranslationConventionLogWarnings) 
	Dev warning - Untranslated Item Tags detected. Please translate your item tags so other mods such as recipe viewers can properly display your tag's name.
	The format desired is tag.item.<namespace>.<path> for the translation key with slashes in path turned into periods.
	To disable this message, set this system property in your runs: `-Dfabric-tag-conventions-v2.missingTagTranslationWarning=SILENCED`.
	To see individual untranslated item tags found, set the system property to `-Dfabric-tag-conventions-v2.missingTagTranslationWarning=VERBOSE`.
	Default is `SHORT`.

[18:35:05] [Server thread/INFO] (Minecraft) Changing view distance to 12, from 10
[18:35:05] [Server thread/INFO] (Minecraft) Changing simulation distance to 12, from 0
[18:35:06] [Server thread/INFO] (Minecraft) Player390[local:E:f33a211d] logged in with entity id 11 at (6.353546908825099, -51.47296722422657, -16.84646238060534)
[18:35:06] [Server thread/INFO] (Minecraft) Player390 joined the game
[18:35:07] [Render thread/INFO] (Minecraft) Loaded 2 advancements
[18:35:10] [Render thread/WARN] (VaultfallDebug) >>> Enviando FLAG_DOUBLE_JUMP (VelY: 0.0062720034866333525)
[18:35:47] [Server thread/INFO] (Minecraft) Saving and pausing game...
[18:35:47] [Server thread/INFO] (Minecraft) Saving chunks for level 'ServerLevel[New World]'/minecraft:overworld
[18:35:47] [Server thread/INFO] (Minecraft) Saving chunks for level 'ServerLevel[New World]'/minecraft:the_end
[18:35:47] [Server thread/INFO] (Minecraft) Saving chunks for level 'ServerLevel[New World]'/minecraft:the_nether
[18:35:47] [Server thread/INFO] (Minecraft) Player390 lost connection: Disconnected
[18:35:47] [Server thread/INFO] (Minecraft) Player390 left the game
[18:35:47] [Server thread/INFO] (Minecraft) Stopping singleplayer server as player logged out
[18:35:47] [Server thread/INFO] (Minecraft) Stopping server
[18:35:47] [Server thread/INFO] (Minecraft) Saving players
[18:35:47] [Server thread/INFO] (Minecraft) Saving worlds
[18:35:48] [Server thread/INFO] (Minecraft) Saving chunks for level 'ServerLevel[New World]'/minecraft:overworld
[18:35:48] [Server thread/INFO] (Minecraft) Saving chunks for level 'ServerLevel[New World]'/minecraft:the_end
[18:35:48] [Server thread/INFO] (Minecraft) Saving chunks for level 'ServerLevel[New World]'/minecraft:the_nether
[18:35:48] [Server thread/INFO] (Minecraft) ThreadedAnvilChunkStorage (New World): All chunks are saved
[18:35:48] [Server thread/INFO] (Minecraft) ThreadedAnvilChunkStorage (DIM1): All chunks are saved
[18:35:48] [Server thread/INFO] (Minecraft) ThreadedAnvilChunkStorage (DIM-1): All chunks are saved
[18:35:48] [Server thread/INFO] (Minecraft) ThreadedAnvilChunkStorage: All dimensions are saved
[18:35:49] [Render thread/INFO] (Minecraft) Stopping!
